[2026-03-25 00:52:29] 第 1 次尝试推送...
[2026-03-25 02:16:27] 第 2 次尝试推送...
fatal: unable to access 'https://github.com/hiyaScott/openclaw-workspace.git/': GnuTLS recv error (-110): The TLS connection was non-properly terminated.
[2026-03-25 02:16:27] ❌ 推送失败，等待下次重试...
[2026-03-25 02:46:32] 第 3 次尝试推送...
error: RPC failed; HTTP 408 curl 22 The requested URL returned error: 408
send-pack: unexpected disconnect while reading sideband packet
fatal: the remote end hung up unexpectedly
[2026-03-25 02:47:08] ❌ 推送失败，等待下次重试...
[2026-03-25 03:16:24] 第 4 次尝试推送...
error: RPC failed; HTTP 408 curl 22 The requested URL returned error: 408
send-pack: unexpected disconnect while reading sideband packet
fatal: the remote end hung up unexpectedly
Everything up-to-date
[2026-03-25 03:16:24] ❌ 推送失败，等待下次重试...
[2026-03-25 04:46:35] 第 5 次尝试推送...
fatal: unable to access 'https://github.com/hiyaScott/openclaw-workspace.git/': GnuTLS recv error (-110): The TLS connection was non-properly terminated.
[2026-03-25 04:46:35] ❌ 推送失败，等待下次重试...
[2026-03-25 05:18:28] 第 1 次尝试推送...
[2026-03-25 05:18:28] 当前仓库共 57 个commit
[2026-03-25 05:18:28] 检查待推送文件大小...
[2026-03-25 05:18:28] 开始推送...
error: RPC failed; HTTP 408 curl 22 The requested URL returned error: 408
send-pack: unexpected disconnect while reading sideband packet
fatal: the remote end hung up unexpectedly
Everything up-to-date
[2026-03-25 05:18:28] 普通推送失败(退出码: 1)，尝试强制推送...
[2026-03-25 05:18:28] ❌ 强制推送也失败(退出码: 124)，等待下次重试...
[Thu Mar 26 01:56:10 AM CST 2026] Retry git push for AGENTS.md update
